
> markwell-bookmarks@1.0.0 start
> vite --host 0.0.0.0 --port 4000

8:31:46 AM [vite] (client) Re-optimizing dependencies because lockfile has changed

  VITE v8.3.1  ready in 171 ms

  ➜  Local:   http://localhost:4000/
  ➜  Network: http://172.19.0.2:4000/  eth0
8:34:15 AM [vite] (client) page reload src/main.jsx
8:34:34 AM [vite] (client) page reload src/main.jsx
8:34:46 AM [vite] (client) page reload src/main.jsx

> markwell-bookmarks@1.0.0 start
> vite --host 0.0.0.0 --port 4000

8:36:08 AM [vite] (client) Re-optimizing dependencies because vite config has changed

  VITE v8.3.1  ready in 186 ms

  ➜  Local:   http://localhost:4000/
  ➜  Network: http://172.19.0.2:4000/  eth0
8:38:03 AM [vite] (client) hmr update /src/main.jsx
8:38:21 AM [vite] (client) hmr update /src/metadata.css
8:40:28 AM [vite] (client) hmr update /src/main.jsx
8:40:38 AM [vite] (client) hmr update /src/metadata.css
8:41:49 AM [vite] (client) hmr update /src/main.jsx
8:42:16 AM [vite] (client) hmr update /src/main.jsx
8:42:35 AM [vite] (client) hmr update /src/metadata.css
8:42:52 AM [vite] (client) hmr update /src/main.jsx
8:43:01 AM [vite] (client) page reload prototypes/sample-browser-bookmarks.html
